OpenBSD 6.8-current (GENERIC.MP) #945: Sun Dec 20 23:14:16 MST 2020
    deraadt@arm64.openbsd.org:/usr/src/sys/arch/arm64/compile/GENERIC.MP
real mem  = 8373202944 (7985MB)
avail mem = 8083574784 (7709MB)
random: good seed from bootblocks
mainbus0 at root: Raspberry Pi 4 Model B Rev 1.4
psci0 at mainbus0: PSCI 1.1, SMCCC 1.2
cpu0 at mainbus0 mpidr 0: ARM Cortex-A72 r0p3
cpu0: 48KB 64b/line 3-way L1 PIPT I-cache, 32KB 64b/line 2-way L1 D-cache
cpu0: 1024KB 64b/line 16-way L2 cache
cpu0: CRC32
cpu1 at mainbus0 mpidr 1: ARM Cortex-A72 r0p3
cpu1: 48KB 64b/line 3-way L1 PIPT I-cache, 32KB 64b/line 2-way L1 D-cache
cpu1: 1024KB 64b/line 16-way L2 cache
cpu1: CRC32
cpu2 at mainbus0 mpidr 2: ARM Cortex-A72 r0p3
cpu2: 48KB 64b/line 3-way L1 PIPT I-cache, 32KB 64b/line 2-way L1 D-cache
cpu2: 1024KB 64b/line 16-way L2 cache
cpu2: CRC32
cpu3 at mainbus0 mpidr 3: ARM Cortex-A72 r0p3
cpu3: 48KB 64b/line 3-way L1 PIPT I-cache, 32KB 64b/line 2-way L1 D-cache
cpu3: 1024KB 64b/line 16-way L2 cache
cpu3: CRC32
efi0 at mainbus0: UEFI 2.7
efi0: https://github.com/pftf/RPi4 rev 0x10000
smbios0 at efi0: SMBIOS 3.3.0
smbios0: vendor https://github.com/pftf/RPi4 version "UEFI Firmware v1.21" date 11/13/2020
smbios0: Raspberry Pi Foundation Raspberry Pi 4 Model B
apm0 at mainbus0
"system" at mainbus0 not configured
"axi" at mainbus0 not configured
simplebus0 at mainbus0: "soc"
bcmclock0 at simplebus0
bcmmbox0 at simplebus0
bcmgpio0 at simplebus0
bcmaux0 at simplebus0
ampintc0 at simplebus0 nirq 256, ncpu 4 ipi: 0, 1: "interrupt-controller"
bcmtmon0 at simplebus0
bcmdmac0 at simplebus0: DMA0 DMA2 DMA4 DMA5 DMA6 DMA7 DMA8 DMA9
"timer" at simplebus0 not configured
bcmirng0 at simplebus0
pluart0 at simplebus0
com0 at simplebus0: ns16550, no working fifo
"local_intc" at simplebus0 not configured
bcmdog0 at simplebus0
simplebus1 at simplebus0: "firmware"
"clocks" at simplebus1 not configured
"gpio" at simplebus1 not configured
"power" at simplebus0 not configured
"mailbox" at simplebus0 not configured
sdhc0 at simplebus0
sdhc0: SDHC 3.0, 250 MHz base clock
sdmmc0 at sdhc0: 4-bit, sd high-speed, mmc high-speed
"gpiomem" at simplebus0 not configured
"fb" at simplebus0 not configured
"vcsm" at simplebus0 not configured
"clocks" at mainbus0 not configured
"phy" at mainbus0 not configured
simplebus2 at mainbus0: "emmc2bus"
sdhc1 at simplebus2
sdhc1: SDHC 3.0, 100 MHz base clock
sdmmc1 at sdhc1: 8-bit, sd high-speed, mmc high-speed, ddr52, dma
"arm-pmu" at mainbus0 not configured
agtimer0 at mainbus0: tick rate 54000 KHz
simplebus3 at mainbus0: "scb"
bcmpcie0 at simplebus3
pci0 at bcmpcie0
ppb0 at pci0 dev 0 function 0 "Broadcom BCM2711" rev 0x10
pci1 at ppb0 bus 1
xhci0 at pci1 dev 0 function 0 "VIA VL805 xHCI" rev 0x01: intx, xHCI 1.0
usb0 at xhci0: USB revision 3.0
uhub0 at usb0 configuration 1 interface 0 "VIA xHCI root hub" rev 3.00/1.00 addr 1
bse0 at simplebus3: address dc:a6:32:d6:1a:39
brgphy0 at bse0 phy 1: BCM54210E 10/100/1000baseT PHY, rev. 2
"dma" at simplebus3 not configured
"hevc-decoder" at simplebus3 not configured
"rpivid-local-intc" at simplebus3 not configured
"h264-decoder" at simplebus3 not configured
"vp9-decoder" at simplebus3 not configured
"leds" at mainbus0 not configured
"sd_io_1v8_reg" at mainbus0 not configured
"fixedregulator_3v3" at mainbus0 not configured
"fixedregulator_5v0" at mainbus0 not configured
simplebus4 at mainbus0: "v3dbus"
"clk-108M" at mainbus0 not configured
"sd_vcc_reg" at mainbus0 not configured
simplefb0 at mainbus0: 1920x1080, 32bpp
wsdisplay0 at simplefb0 mux 1: console (std, vt100 emulation)
wsdisplay0: screen 1-5 added (std, vt100 emulation)
scsibus0 at sdmmc1: 2 targets, initiator 0
sd0 at scsibus0 targ 1 lun 0: <SD/MMC, SD16G, 0060> removable
sd0: 14772MB, 512 bytes/sector, 30253056 sectors
uhub1 at uhub0 port 1 configuration 1 interface 0 "VIA Labs USB2.0 Hub" rev 2.10/4.21 addr 2
bwfm0 at sdmmc0 function 1
manufacturer 0x02d0, product 0xa9a6 at sdmmc0 function 2 not configured
manufacturer 0x02d0, product 0xa9a6 at sdmmc0 function 3 not configured
uhidev0 at uhub1 port 3 configuration 1 interface 0 "Cypress Semiconductor Convertible 2 TKL" rev 2.00/0.00 addr 3
uhidev0: iclass 3/1
ukbd0 at uhidev0: 8 variable keys, 6 key codes, country code 33
wskbd0 at ukbd0: console keyboard, using wsdisplay0
uhidev1 at uhub1 port 3 configuration 1 interface 1 "Cypress Semiconductor Convertible 2 TKL" rev 2.00/0.00 addr 3
uhidev1: iclass 3/0, 2 report ids
uhid0 at uhidev1 reportid 1: input=2, output=0, feature=0
uhid1 at uhidev1 reportid 2: input=1, output=0, feature=0
uhidev2 at uhub1 port 4 configuration 1 interface 0 "Logitech Gaming Mouse G303" rev 2.00/95.02 addr 4
uhidev2: iclass 3/1
ums0 at uhidev2: 16 buttons, Z and W dir
wsmouse0 at ums0 mux 0
uhidev3 at uhub1 port 4 configuration 1 interface 1 "Logitech Gaming Mouse G303" rev 2.00/95.02 addr 4
uhidev3: iclass 3/0, 17 report ids
ukbd1 at uhidev3 reportid 1: 8 variable keys, 6 key codes
wskbd1 at ukbd1 mux 1
wskbd1: connecting to wsdisplay0
uhid2 at uhidev3 reportid 3: input=4, output=0, feature=0
uhid3 at uhidev3 reportid 4: input=1, output=0, feature=0
uhid4 at uhidev3 reportid 16: input=6, output=6, feature=0
uhid5 at uhidev3 reportid 17: input=19, output=19, feature=0
umass0 at uhub0 port 2 configuration 1 interface 0 "SanDisk Ultra Fit" rev 3.00/1.00 addr 5
umass0: using SCSI over Bulk-Only
scsibus1 at umass0: 2 targets, initiator 0
sd1 at scsibus1 targ 1 lun 0: <SanDisk, Ultra Fit, 1.00> removable serial.078155838107bba6d9db
sd1: 58680MB, 512 bytes/sector, 120176640 sectors
vscsi0 at root
scsibus2 at vscsi0: 256 targets
softraid0 at root
scsibus3 at softraid0: 256 targets
root on sd1a (b60bda332fe253eb.a) swap on sd1b dump on sd1b
WARNING: clock lost 38 days
WARNING: CHECK AND RESET THE DATE!
gpio0 at bcmgpio0: 58 pins
bwfm0: address dc:a6:32:d6:1a:3b
hw.sensors.bcmtmon0.temp0=55.99 degC
